nohup: ignoring input
2025-07-22 17:27:11,577	INFO worker.py:1888 -- Started a local Ray instance.
2025-07-22 17:33:43,190	INFO worker.py:1888 -- Started a local Ray instance.
2025-07-22 17:40:05,745	INFO worker.py:1888 -- Started a local Ray instance.
2025-07-22 17:46:02,457	INFO worker.py:1888 -- Started a local Ray instance.
2025-07-22 17:51:57,324	INFO worker.py:1888 -- Started a local Ray instance.
2025-07-22 17:58:12,881	INFO worker.py:1888 -- Started a local Ray instance.
2025-07-22 18:04:23,240	INFO worker.py:1888 -- Started a local Ray instance.
2025-07-22 18:10:18,552	INFO worker.py:1888 -- Started a local Ray instance.
2025-07-22 18:16:39,641	INFO worker.py:1888 -- Started a local Ray instance.
2025-07-22 18:21:53,221	INFO worker.py:1888 -- Started a local Ray instance.
2025-07-22 18:28:00,869	INFO worker.py:1888 -- Started a local Ray instance.
2025-07-22 18:34:13,170	INFO worker.py:1888 -- Started a local Ray instance.
2025-07-22 18:40:13,526	INFO worker.py:1888 -- Started a local Ray instance.
2025-07-22 18:46:37,311	INFO worker.py:1888 -- Started a local Ray instance.
2025-07-22 18:52:51,671	INFO worker.py:1888 -- Started a local Ray instance.
2025-07-22 18:59:18,265	INFO worker.py:1888 -- Started a local Ray instance.
2025-07-22 19:06:04,236	INFO worker.py:1888 -- Started a local Ray instance.
2025-07-22 19:12:11,690	INFO worker.py:1888 -- Started a local Ray instance.
2025-07-22 19:18:33,037	INFO worker.py:1888 -- Started a local Ray instance.
2025-07-22 19:24:37,291	INFO worker.py:1888 -- Started a local Ray instance.
/home/z/CElegan_Connectome_Training/celega/Non_Biased_Dynamic_C/Worm_Env/celegan_env.py:14: RuntimeWarning: More than 20 figures have been opened. Figures created through the pyplot interface (`matplotlib.pyplot.figure`) are retained until explicitly closed and may consume too much memory. (To control this warning, see the rcParam `figure.max_open_warning`). Consider using `matplotlib.pyplot.close()`.
  self.fig, self.ax = plt.subplots()
2025-07-22 19:31:17,367	INFO worker.py:1888 -- Started a local Ray instance.
2025-07-22 19:37:19,369	INFO worker.py:1888 -- Started a local Ray instance.
2025-07-22 19:43:48,437	INFO worker.py:1888 -- Started a local Ray instance.
2025-07-22 19:50:24,793	INFO worker.py:1888 -- Started a local Ray instance.
2025-07-22 19:56:21,160	INFO worker.py:1888 -- Started a local Ray instance.
2025-07-22 20:02:38,708	INFO worker.py:1888 -- Started a local Ray instance.
2025-07-22 20:09:11,264	INFO worker.py:1888 -- Started a local Ray instance.
2025-07-22 20:16:26,431	INFO worker.py:1888 -- Started a local Ray instance.
2025-07-22 20:23:00,131	INFO worker.py:1888 -- Started a local Ray instance.
2025-07-22 20:29:35,288	INFO worker.py:1888 -- Started a local Ray instance.
using 16 cpu's
Running Genetic Algorithm...
Best weight matrix found: [ 1.  1.  1. ... -5. -5.  1.]
[nomad_evolutionary_algorithm] 190 gens finished in 6.5 min (390.6 s)
Running Genetic Algorithm...
Best weight matrix found: [ 1.  1.  1. ... -5. -5.  1.]
[nomad_evolutionary_algorithm] 190 gens finished in 6.4 min (382.6 s)
Running Genetic Algorithm...
Best weight matrix found: [ 1.  1.  1. ... -5. -5.  1.]
[nomad_evolutionary_algorithm] 190 gens finished in 5.9 min (356.7 s)
Running Genetic Algorithm...
Best weight matrix found: [ 1.  1.  1. ... -5. -5.  1.]
[nomad_evolutionary_algorithm] 190 gens finished in 5.9 min (354.9 s)
Running Genetic Algorithm...
Best weight matrix found: [ 1.  1.  1. ... -5. -5.  1.]
[nomad_evolutionary_algorithm] 190 gens finished in 6.3 min (375.6 s)
Running Genetic Algorithm...
Best weight matrix found: [ 1.  1.  1. ... -5. -5.  1.]
[nomad_evolutionary_algorithm] 190 gens finished in 6.2 min (370.4 s)
Running Genetic Algorithm...
Best weight matrix found: [ 1.  1.  1. ... -5. -5.  1.]
[nomad_evolutionary_algorithm] 190 gens finished in 5.9 min (355.3 s)
Running Genetic Algorithm...
Best weight matrix found: [ 1.  1.  1. ... -5. -5.  1.]
[nomad_evolutionary_algorithm] 190 gens finished in 6.4 min (381.1 s)
Running Genetic Algorithm...
Best weight matrix found: [ 1.  1.  1. ... -5. -5.  1.]
[nomad_evolutionary_algorithm] 190 gens finished in 5.2 min (313.7 s)
Running Genetic Algorithm...
Best weight matrix found: [ 1.  1.  1. ... -5. -5.  1.]
[nomad_evolutionary_algorithm] 190 gens finished in 6.1 min (367.5 s)
Running Genetic Algorithm...
Best weight matrix found: [ 1.  1.  1. ... -5. -5.  1.]
[nomad_evolutionary_algorithm] 190 gens finished in 6.2 min (372.4 s)
Running Genetic Algorithm...
Best weight matrix found: [ 1.  1.  1. ... -5. -5.  1.]
[nomad_evolutionary_algorithm] 190 gens finished in 6.0 min (360.4 s)
Running Genetic Algorithm...
Best weight matrix found: [ 1.  1.  1. ... -5. -5.  1.]
[nomad_evolutionary_algorithm] 190 gens finished in 6.4 min (383.7 s)
Running Genetic Algorithm...
Best weight matrix found: [ 1.  1.  1. ... -5. -5.  1.]
[nomad_evolutionary_algorithm] 190 gens finished in 6.2 min (374.5 s)
Running Genetic Algorithm...
Best weight matrix found: [ 1.  1.  1. ... -5. -5.  1.]
[nomad_evolutionary_algorithm] 190 gens finished in 6.4 min (386.6 s)
Running Genetic Algorithm...
Best weight matrix found: [ 1.  1.  1. ... -5. -5.  1.]
[nomad_evolutionary_algorithm] 190 gens finished in 6.8 min (405.9 s)
Running Genetic Algorithm...
Best weight matrix found: [ 1.  1.  1. ... -5. -5.  1.]
[nomad_evolutionary_algorithm] 190 gens finished in 6.1 min (367.6 s)
Running Genetic Algorithm...
Best weight matrix found: [ 1.  1.  1. ... -5. -5.  1.]
[nomad_evolutionary_algorithm] 190 gens finished in 6.4 min (381.2 s)
Running Genetic Algorithm...
Best weight matrix found: [ 1.  1.  1. ... -5. -5.  1.]
[nomad_evolutionary_algorithm] 190 gens finished in 6.1 min (364.4 s)
Running Genetic Algorithm...
Best weight matrix found: [ 1.  1.  1. ... -5. -5.  1.]
[nomad_evolutionary_algorithm] 190 gens finished in 6.7 min (400.1 s)
Running Genetic Algorithm...
Best weight matrix found: [ 1.  1.  1. ... -5. -5.  1.]
[nomad_evolutionary_algorithm] 190 gens finished in 6.0 min (362.0 s)
Running Genetic Algorithm...
Best weight matrix found: [ 1.  1.  1. ... -5. -5.  1.]
[nomad_evolutionary_algorithm] 190 gens finished in 6.5 min (389.1 s)
Running Genetic Algorithm...
Best weight matrix found: [ 1.  1.  1. ... -5. -5.  1.]
[nomad_evolutionary_algorithm] 190 gens finished in 6.6 min (396.4 s)
Running Genetic Algorithm...
Best weight matrix found: [ 1.  1.  1. ... -5. -5.  1.]
[nomad_evolutionary_algorithm] 190 gens finished in 5.9 min (356.3 s)
Running Genetic Algorithm...
Best weight matrix found: [ 1.  1.  1. ... -5. -5.  1.]
[nomad_evolutionary_algorithm] 190 gens finished in 6.3 min (377.6 s)
Running Genetic Algorithm...
Best weight matrix found: [ 1.  1.  1. ... -5. -5.  1.]
[nomad_evolutionary_algorithm] 190 gens finished in 6.5 min (392.6 s)
Running Genetic Algorithm...
Best weight matrix found: [-9.25094553  1.          1.         ... -5.         -5.
  1.        ]
[nomad_evolutionary_algorithm] 190 gens finished in 7.3 min (435.2 s)
Running Genetic Algorithm...
Best weight matrix found: [ 1.  1.  1. ... -5. -5.  1.]
[nomad_evolutionary_algorithm] 190 gens finished in 6.6 min (393.7 s)
Running Genetic Algorithm...
Best weight matrix found: [ 1.  1.  1. ... -5. -5.  1.]
[nomad_evolutionary_algorithm] 190 gens finished in 6.6 min (395.2 s)
Running Genetic Algorithm...
Best weight matrix found: [ 1.  1.  1. ... -5. -5.  1.]
[nomad_evolutionary_algorithm] 190 gens finished in 6.3 min (380.1 s)
