250 Worms Loaded
190 Worms Loaded
190 Worms Loaded
190 Worms Loaded
190 Worms Loaded
190 Worms Loaded
190 Worms Loaded
190 Worms Loaded
190 Worms Loaded
190 Worms Loaded
190 Worms Loaded
190 Worms Loaded
190 Worms Loaded
190 Worms Loaded
190 Worms Loaded
190 Worms Loaded
190 Worms Loaded
190 Worms Loaded
190 Worms Loaded
190 Worms Loaded
190 Worms Loaded
190 Worms Loaded
190 Worms Loaded
190 Worms Loaded
190 Worms Loaded
190 Worms Loaded
190 Worms Loaded
190 Worms Loaded
190 Worms Loaded
190 Worms Loaded
190 Worms Loaded
190 Worms Loaded
190 Worms Loaded
190 Worms Loaded
190 Worms Loaded
190 Worms Loaded
190 Worms Loaded
190 Worms Loaded
190 Worms Loaded
190 Worms Loaded
190 Worms Loaded
190 Worms Loaded
190 Worms Loaded
190 Worms Loaded
190 Worms Loaded
190 Worms Loaded
14 Worms Loaded
14 Worms Loaded
14 Worms Loaded
14 Worms Loaded
14 Worms Loaded
14 Worms Loaded
14 Worms Loaded
14 Worms Loaded
14 Worms Loaded
14 Worms Loaded
14 Worms Loaded
14 Worms Loaded
14 Worms Loaded
14 Worms Loaded
14 Worms Loaded
14 Worms Loaded
14 Worms Loaded
14 Worms Loaded
14 Worms Loaded
14 Worms Loaded
14 Worms Loaded
14 Worms Loaded
14 Worms Loaded
14 Worms Loaded
14 Worms Loaded
14 Worms Loaded
14 Worms Loaded
14 Worms Loaded
14 Worms Loaded
14 Worms Loaded
[hybrid] runs=45, shown edges=15, max_shown=4
[pure]   runs=30, shown edges=1321, max_shown=8
Saved figures: nomad_change_graphs_thresh.svg, nomad_change_graphs_thresh.png
Saved top-K lists: top_changes_hybrid.tsv, top_changes_pure.tsv
Saved enrichment: edge_enrichment_hybrid.tsv
Saved enrichment: edge_enrichment_pure.tsv
Saved sign/gain (hybrid): sign_gain_shifts_hybrid.tsv
Saved sign/gain (pure):   sign_gain_shifts_pure.tsv
Saved path gains (hybrid): path_gain_changes_hybrid.tsv
Saved path gains (pure):   path_gain_changes_pure.tsv
[hybrid] changed edges (across runs): 1,242 | Δw>0: 555 | Δw<0: 687
[pure] changed edges (across runs): 7,869 | Δw>0: 4,340 | Δw<0: 3,529
[hybrid] sign flips: 592/1242 = 47.67%
[pure] sign flips: 230/7869 = 2.92%

